// Jest Snapshot v1, https://goo.gl/fbAQLP

exports[`Cart component expect to render Cart component 1`] = `
Array [
  " ",
  <main
    className="cart"
  >
    <header
      className="product-header"
    >
      <nav
        className=" navbar "
      >
        <div
          className="navbar-logo"
        >
          <h1>
            <a
              className="navbar-logo__item"
              href="/"
              onClick={[Function]}
            >
              <img
                alt="Logo"
                src="coffee.png"
                width="70px"
              />
            </a>
          </h1>
        </div>
        <ul
          className="navbar-nav"
        >
          <li
            className="navbar-nav__item"
          >
            <a
              className="navbar-nav__link"
              href="/"
              onClick={[Function]}
            >
              Home
            </a>
          </li>
          <li
            className="navbar-nav__item"
          >
            <a
              className="navbar-nav__link"
              href="/shop"
              onClick={[Function]}
            >
              Shop
            </a>
          </li>
          <li
            className="navbar-nav__item"
          >
            <a
              className="navbar-nav__link"
              href="/contact"
              onClick={[Function]}
            >
              Contact
            </a>
          </li>
          <li
            className="navbar-nav__item cart"
          >
            <a
              className="navbar-nav__link "
              href="/cart"
              onClick={[Function]}
            >
              <svg
                fill="currentColor"
                height="1em"
                stroke="currentColor"
                strokeWidth="0"
                style={
                  Object {
                    "color": undefined,
                  }
                }
                viewBox="0 0 576 512"
                width="1em"
                xmlns="http://www.w3.org/2000/svg"
              >
                <path
                  d="M528.12 301.319l47.273-208C578.806 78.301 567.391 64 551.99 64H159.208l-9.166-44.81C147.758 8.021 137.93 0 126.529 0H24C10.745 0 0 10.745 0 24v16c0 13.255 10.745 24 24 24h69.883l70.248 343.435C147.325 417.1 136 435.222 136 456c0 30.928 25.072 56 56 56s56-25.072 56-56c0-15.674-6.447-29.835-16.824-40h209.647C430.447 426.165 424 440.326 424 456c0 30.928 25.072 56 56 56s56-25.072 56-56c0-22.172-12.888-41.332-31.579-50.405l5.517-24.276c3.413-15.018-8.002-29.319-23.403-29.319H218.117l-6.545-32h293.145c11.206 0 20.92-7.754 23.403-18.681z"
                />
              </svg>
              <span
                className="basket-count"
              />
            </a>
            <div
              className="dropdown"
            >
              <div
                className="dropdown-info"
              >
                <div
                  className="total-price"
                >
                  <p>
                    TOTAL
                  </p>
                  <p>
                    $
                  </p>
                </div>
                <div
                  className="dropdown-info__btn"
                >
                  <a
                    className="view-btn"
                    href="/cart"
                    onClick={[Function]}
                  >
                    view cart
                  </a>
                </div>
              </div>
            </div>
          </li>
          <li
            className="navbar-nav__item profile"
          >
            <a
              className="navbar-nav__link"
              href="/"
              onClick={[Function]}
            />
            <ul
              className="profile-dropdown"
            >
              <li>
                <a
                  href="/wishlist"
                  onClick={[Function]}
                >
                  <span
                    className="icon"
                  >
                    <svg
                      fill="none"
                      height="1em"
                      stroke="currentColor"
                      strokeLinecap="round"
                      strokeLinejoin="round"
                      strokeWidth="2"
                      style={
                        Object {
                          "color": undefined,
                        }
                      }
                      viewBox="0 0 24 24"
                      width="1em"
                      xmlns="http://www.w3.org/2000/svg"
                    >
                      <line
                        x1="8"
                        x2="21"
                        y1="6"
                        y2="6"
                      />
                      <line
                        x1="8"
                        x2="21"
                        y1="12"
                        y2="12"
                      />
                      <line
                        x1="8"
                        x2="21"
                        y1="18"
                        y2="18"
                      />
                      <line
                        x1="3"
                        x2="3.01"
                        y1="6"
                        y2="6"
                      />
                      <line
                        x1="3"
                        x2="3.01"
                        y1="12"
                        y2="12"
                      />
                      <line
                        x1="3"
                        x2="3.01"
                        y1="18"
                        y2="18"
                      />
                    </svg>
                  </span>
                  Wish List
                </a>
              </li>
              <li>
                <a
                  href="/"
                  onClick={[Function]}
                >
                  <span
                    className="icon"
                  >
                    <svg
                      fill="none"
                      height="1em"
                      stroke="currentColor"
                      strokeLinecap="round"
                      strokeLinejoin="round"
                      strokeWidth="2"
                      style={
                        Object {
                          "color": undefined,
                        }
                      }
                      viewBox="0 0 24 24"
                      width="1em"
                      xmlns="http://www.w3.org/2000/svg"
                    >
                      <path
                        d="M9 21H5a2 2 0 0 1-2-2V5a2 2 0 0 1 2-2h4"
                      />
                      <polyline
                        points="16 17 21 12 16 7"
                      />
                      <line
                        x1="21"
                        x2="9"
                        y1="12"
                        y2="12"
                      />
                    </svg>
                  </span>
                  Logout
                </a>
              </li>
            </ul>
          </li>
          <li
            className="bar"
            onClick={[Function]}
          >
            <svg
              fill="currentColor"
              height="1em"
              stroke="currentColor"
              strokeWidth="0"
              style={
                Object {
                  "color": undefined,
                }
              }
              viewBox="0 0 448 512"
              width="1em"
              xmlns="http://www.w3.org/2000/svg"
            >
              <path
                d="M16 132h416c8.837 0 16-7.163 16-16V76c0-8.837-7.163-16-16-16H16C7.163 60 0 67.163 0 76v40c0 8.837 7.163 16 16 16zm0 160h416c8.837 0 16-7.163 16-16v-40c0-8.837-7.163-16-16-16H16c-8.837 0-16 7.163-16 16v40c0 8.837 7.163 16 16 16zm0 160h416c8.837 0 16-7.163 16-16v-40c0-8.837-7.163-16-16-16H16c-8.837 0-16 7.163-16 16v40c0 8.837 7.163 16 16 16z"
              />
            </svg>
          </li>
        </ul>
      </nav>
      <div
        className="product-header__child"
      >
        <h1>
          Cart Detail
        </h1>
      </div>
    </header>
    <div
      className="cart-child container"
    >
      <div
        className="cart-totals"
      >
        <table>
          <tbody>
            <tr
              className="cart-subtotal"
            >
              <th>
                Total : 
              </th>
              <td>
                $ 
              </td>
            </tr>
          </tbody>
        </table>
        <div
          style={
            Object {
              "color": "red",
              "fontSize": "1.3rem",
            }
          }
        >
          <h4>
            Test Card Number : 
          </h4>
          <p>
            4242 4242 4242 4242
          </p>
          <p>
            10-22 | 123
          </p>
        </div>
        <div
          className="cart-totals__checkout"
        >
          <div
            onMouseEnter={[Function]}
            onMouseLeave={[Function]}
            style={
              Object {
                "position": "fixed",
                "zIndex": 9999,
              }
            }
          />
          <button
            className="StripeCheckout"
            onBlur={[Function]}
            onClick={[Function]}
            onFocus={[Function]}
            onMouseDown={[Function]}
            onMouseOut={[Function]}
            onMouseUp={[Function]}
            style={
              Object {
                "background": "linear-gradient(#28a0e5,#015e94)",
                "border": 0,
                "borderRadius": 5,
                "boxShadow": "0 1px 0 rgba(0,0,0,0.2)",
                "cursor": "pointer",
                "display": "inline-block",
                "overflow": "hidden",
                "padding": 1,
                "textDecoration": "none",
                "userSelect": "none",
                "visibility": "visible",
              }
            }
          >
            <span
              style={
                Object {
                  "backgroundImage": "linear-gradient(#7dc5ee,#008cdd 85%,#30a2e4)",
                  "borderRadius": 4,
                  "boxShadow": "inset 0 1px 0 rgba(255,255,255,0.25)",
                  "color": "#fff",
                  "display": "block",
                  "fontFamily": "\\"Helvetica Neue\\",Helvetica,Arial,sans-serif",
                  "fontSize": 14,
                  "fontWeight": "bold",
                  "height": 30,
                  "lineHeight": "30px",
                  "padding": "0 12px",
                  "position": "relative",
                  "textShadow": "0 -1px 0 rgba(0,0,0,0.25)",
                }
              }
            >
              Pay Now
            </span>
          </button>
        </div>
      </div>
    </div>
  </main>,
]
`;
