// Jest Snapshot v1, https://goo.gl/fbAQLP

exports[`expect to render Error component  1`] = `
<div
  className="error"
>
  <h1>
    404
  </h1>
  <p>
    page not found
  </p>
  <Link
    to="/"
  >
    Home
  </Link>
</div>
`;
