// Jest Snapshot v1, https://goo.gl/fbAQLP

exports[`expect to render Spinner component 1`] = `
<div
  className="spinner-box"
>
  <div
    className="solar-system"
  >
    <div
      className="earth-orbit orbit"
    >
      <div
        className="planet earth"
      />
      <div
        className="venus-orbit orbit"
      >
        <div
          className="planet venus"
        />
        <div
          className="mercury-orbit orbit"
        >
          <div
            className="planet mercury"
          />
          <div
            className="sun"
          />
        </div>
      </div>
    </div>
  </div>
</div>
`;
